   1               		.file	"main.c"
   2               	__SP_H__ = 0x3e
   3               	__SP_L__ = 0x3d
   4               	__SREG__ = 0x3f
   5               	__tmp_reg__ = 0
   6               	__zero_reg__ = 1
   7               		.text
   8               	.Ltext0:
   9               		.cfi_sections	.debug_frame
  10               	.global	spiWrite
  12               	spiWrite:
  13               	.LFB0:
  14               		.file 1 "main.c"
   1:main.c        **** #include <avr/io.h>
   2:main.c        **** 
   3:main.c        **** #define SPIPORT PORTB
   4:main.c        **** #define clkpinmask 4
   5:main.c        **** #define mosipinmask 8
   6:main.c        **** 
   7:main.c        **** void spiWrite(uint8_t data)
   8:main.c        **** {
  15               		.loc 1 8 0
  16               		.cfi_startproc
  17               	.LVL0:
  18               	/* prologue: function */
  19               	/* frame size = 0 */
  20               	/* stack size = 0 */
  21               	.L__stack_usage = 0
  22               		.loc 1 8 0
  23 0000 28E0      		ldi r18,lo8(8)
  24 0002 30E0      		ldi r19,0
   9:main.c        ****  uint8_t bit;
  10:main.c        ****  for(bit = 0x80; bit; bit >>= 1) {
  25               		.loc 1 10 0
  26 0004 90E8      		ldi r25,lo8(-128)
  27               	.LVL1:
  28               	.L5:
  11:main.c        ****   SPIPORT &= ~clkpinmask;
  29               		.loc 1 11 0
  30 0006 C298      		cbi 0x18,2
  12:main.c        ****   if(data & bit) SPIPORT |= mosipinmask;
  31               		.loc 1 12 0
  32 0008 492F      		mov r20,r25
  33 000a 4823      		and r20,r24
  34 000c 01F0      		breq .L2
  35               		.loc 1 12 0 is_stmt 0 discriminator 1
  36 000e C39A      		sbi 0x18,3
  37 0010 00C0      		rjmp .L3
  38               	.L2:
  13:main.c        ****   else SPIPORT &= ~mosipinmask;
  39               		.loc 1 13 0 is_stmt 1
  40 0012 C398      		cbi 0x18,3
  41               	.L3:
  14:main.c        ****   SPIPORT |= clkpinmask;
  42               		.loc 1 14 0
  43 0014 C29A      		sbi 0x18,2
  10:main.c        ****  for(bit = 0x80; bit; bit >>= 1) {
  44               		.loc 1 10 0
  45 0016 9695      		lsr r25
  46               	.LVL2:
  47 0018 2150      		subi r18,1
  48 001a 3109      		sbc r19,__zero_reg__
  49 001c 2115      		cp r18,__zero_reg__
  50 001e 3105      		cpc r19,__zero_reg__
  51 0020 01F4      		brne .L5
  52               	/* epilogue start */
  15:main.c        ****  }
  16:main.c        **** }
  53               		.loc 1 16 0
  54 0022 0895      		ret
  55               		.cfi_endproc
  56               	.LFE0:
  58               		.section	.text.startup,"ax",@progbits
  59               	.global	main
  61               	main:
  62               	.LFB1:
  17:main.c        **** 
  18:main.c        **** int main( void )
  19:main.c        **** {
  63               		.loc 1 19 0
  64               		.cfi_startproc
  65               	/* prologue: function */
  66               	/* frame size = 0 */
  67               	/* stack size = 0 */
  68               	.L__stack_usage = 0
  69               	.LVL3:
  20:main.c        **** 	unsigned char a = 0;
  70               		.loc 1 20 0
  71 0000 80E0      		ldi r24,0
  72               	.LVL4:
  73               	.L8:
  21:main.c        **** 	for( ;; )
  22:main.c        **** 		spiWrite( a++ );
  74               		.loc 1 22 0 discriminator 1
  75 0002 C1E0      		ldi r28,lo8(1)
  76 0004 C80F      		add r28,r24
  77               	.LVL5:
  78 0006 00D0      		rcall spiWrite
  79               	.LVL6:
  80 0008 8C2F      		mov r24,r28
  81 000a 00C0      		rjmp .L8
  82               		.cfi_endproc
  83               	.LFE1:
  85               		.text
  86               	.Letext0:
  87               		.file 2 "/usr/lib/avr/include/stdint.h"
DEFINED SYMBOLS
                            *ABS*:0000000000000000 main.c
     /tmp/ccsCwclS.s:2      *ABS*:000000000000003e __SP_H__
     /tmp/ccsCwclS.s:3      *ABS*:000000000000003d __SP_L__
     /tmp/ccsCwclS.s:4      *ABS*:000000000000003f __SREG__
     /tmp/ccsCwclS.s:5      *ABS*:0000000000000000 __tmp_reg__
     /tmp/ccsCwclS.s:6      *ABS*:0000000000000001 __zero_reg__
     /tmp/ccsCwclS.s:12     .text:0000000000000000 spiWrite
     /tmp/ccsCwclS.s:61     .text.startup:0000000000000000 main

NO UNDEFINED SYMBOLS
